// Jest Snapshot v1, https://goo.gl/fbAQLP

exports[`Render should render component 1`] = `
<MemoryRouter
  initialEntries={
    Array [
      Object {
        "key": "testKey",
        "pathname": "/",
      },
    ]
  }
>
  <Router
    history={
      Object {
        "action": "POP",
        "block": [Function],
        "canGo": [Function],
        "createHref": [Function],
        "entries": Array [
          Object {
            "hash": "",
            "key": "testKey",
            "pathname": "/",
            "search": "",
          },
        ],
        "go": [Function],
        "goBack": [Function],
        "goForward": [Function],
        "index": 0,
        "length": 1,
        "listen": [Function],
        "location": Object {
          "hash": "",
          "key": "testKey",
          "pathname": "/",
          "search": "",
        },
        "push": [Function],
        "replace": [Function],
      }
    }
  >
    <TopSectionItem
      link={
        Object {
          "icon": "cloud",
          "text": "Hello",
          "url": "/asd",
        }
      }
    >
      <div
        className="sidemenu-item dropdown"
      >
        <Link
          className="sidemenu-link"
          href="/asd"
        >
          <Link
            className="sidemenu-link"
            to="/asd"
          >
            <LinkAnchor
              className="sidemenu-link"
              href="/asd"
              navigate={[Function]}
            >
              <a
                className="sidemenu-link"
                href="/asd"
                onClick={[Function]}
              >
                <span
                  className="icon-circle sidemenu-icon"
                >
                  <Icon
                    name="cloud"
                    size="xl"
                  >
                    <div
                      className="css-1vzus6i-Icon"
                    >
                      <InlineSVG
                        cacheRequests={true}
                        className="css-sr6nr"
                        height={24}
                        src="public/img/iconsunicons/cloud.svg"
                        uniquifyIDs={false}
                        width={24}
                      />
                    </div>
                  </Icon>
                </span>
              </a>
            </LinkAnchor>
          </Link>
        </Link>
        <SideMenuDropDown
          link={
            Object {
              "icon": "cloud",
              "text": "Hello",
              "url": "/asd",
            }
          }
        >
          <ul
            className="dropdown-menu dropdown-menu--sidemenu"
            role="menu"
          >
            <li
              className="side-menu-header"
            >
              <Link
                className="side-menu-header-link"
                href="/asd"
              >
                <Link
                  className="side-menu-header-link"
                  to="/asd"
                >
                  <LinkAnchor
                    className="side-menu-header-link"
                    href="/asd"
                    navigate={[Function]}
                  >
                    <a
                      className="side-menu-header-link"
                      href="/asd"
                      onClick={[Function]}
                    >
                      <span
                        className="sidemenu-item-text"
                      >
                        Hello
                      </span>
                    </a>
                  </LinkAnchor>
                </Link>
              </Link>
            </li>
          </ul>
        </SideMenuDropDown>
      </div>
    </TopSectionItem>
  </Router>
</MemoryRouter>
`;
